SQL> show user
USER is ""
SQL> conn /as sysdba
Connected.
SQL> grant dba to angel;

Grant succeeded.

SQL> conn angel/angel;
Connected.
SQL> show user
USER is "ANGEL"
SQL> conn /as sysdba;
Connected.
SQL> show user;
USER is "SYS"
SQL> conn angel/angel;
Connected.
SQL> conn /as sysdba;
Connected.
SQL> revoke dba from angel;

Revoke succeeded.

SQL> conn angel/angel
ERROR:
ORA-01045: user ANGEL lacks CREATE SESSION privilege; logon denied


Warning: You are no longer connected to ORACLE.
SQL>